
> galsenfoot-frontend@0.1.0 build
> next build

npm : [baseline-browser-mapping] The data in this module is over 
two months old.  To ensure accurate Baseline data, please update: 
`npm i baseline-browser-mapping@latest -D`
Au caractère Ligne:1 : 65
+ ... hink_code\galsenfoot-front\SportConnect" ; npm run build 
2>&1 | tee b ...
+                                                ~~~~~~~~~~~~~~~~~~
    + CategoryInfo          : NotSpecified: ([baseline-brows...pin 
   g@latest -D`:String) [], RemoteException
    + FullyQualifiedErrorId : NativeCommandError
 
   Ôû▓ Next.js 16.0.10 (Turbopack)
   - Environments: .env.local

 ÔÜá The "middleware" file convention is deprecated. Please use 
"proxy" instead. Learn more: 
https://nextjs.org/docs/messages/middleware-to-proxy
   Creating an optimized production build ...
[baseline-browser-mapping] The data in this module is over two 
months old.  To ensure accurate Baseline data, please update: `npm 
i baseline-browser-mapping@latest -D`
 Ô£ô Compiled successfully in 5.1s
   Skipping validation of types
   Collecting page data using 11 workers ...
[baseline-browser-mapping] The data in this module is over two 
months old.  To ensure accurate Baseline data, please update: `npm 
i baseline-browser-mapping@latest -D`
[baseline-browser-mapping] The data in this module is over two 
months old.  To ensure accurate Baseline data, please update: `npm 
i baseline-browser-mapping@latest -D`
[baseline-browser-mapping] The data in this module is over two 
months old.  To ensure accurate Baseline data, please update: `npm 
i baseline-browser-mapping@latest -D`
[baseline-browser-mapping] The data in this module is over two 
months old.  To ensure accurate Baseline data, please update: `npm 
i baseline-browser-mapping@latest -D`
[baseline-browser-mapping] The data in this module is over two 
months old.  To ensure accurate Baseline data, please update: `npm 
i baseline-browser-mapping@latest -D`
[baseline-browser-mapping] The data in this module is over two 
months old.  To ensure accurate Baseline data, please update: `npm 
i baseline-browser-mapping@latest -D`
[baseline-browser-mapping] The data in this module is over two 
months old.  To ensure accurate Baseline data, please update: `npm 
i baseline-browser-mapping@latest -D`
[baseline-browser-mapping] The data in this module is over two 
months old.  To ensure accurate Baseline data, please update: `npm 
i baseline-browser-mapping@latest -D`
[baseline-browser-mapping] The data in this module is over two 
months old.  To ensure accurate Baseline data, please update: `npm 
i baseline-browser-mapping@latest -D`
[baseline-browser-mapping] The data in this module is over two 
months old.  To ensure accurate Baseline data, please update: `npm 
i baseline-browser-mapping@latest -D`
[baseline-browser-mapping] The data in this module is over two 
months old.  To ensure accurate Baseline data, please update: `npm 
i baseline-browser-mapping@latest -D`
   Generating static pages using 11 workers (0/13) ...
[baseline-browser-mapping] The data in this module is over two 
months old.  To ensure accurate Baseline data, please update: `npm 
i baseline-browser-mapping@latest -D`
   Generating static pages using 11 workers (3/13) 
   Generating static pages using 11 workers (6/13) 
   Generating static pages using 11 workers (9/13) 
 Ô£ô Generating static pages using 11 workers (13/13) in 2.3s
   Finalizing page optimization ...

Route (app)
Ôöî Ôùï /
Ôö£ Ôùï /_not-found
Ôö£ Ôùï /clubs
Ôö£ ãÆ /clubs/[id]
Ôö£ Ôùï /jobs
Ôö£ Ôùï /login
Ôö£ Ôùï /messaging
Ôö£ Ôùï /my-club
Ôö£ Ôùï /network
Ôö£ Ôùï /notifications
Ôö£ Ôùï /profile
Ôö£ Ôùï /register
Ôöö Ôùï /search


ãÆ Proxy (Middleware)

Ôùï  (Static)   prerendered as static content
ãÆ  (Dynamic)  server-rendered on demand

